[1]
[1, 2]
[1, 2, 3]
[1, 1, Strings is also supported, true]
1
3
5
7
RuntimeError: list index out of range
