1
2
3
4
5
6
7
8
9
1.12345
2.12345
3.12345
4.12345
5.12345
6.12345
7.12345
8.12345
9.12345
