[1]
[1, 2]
[1, 2, 3]
[1, 1, Strings is also supported, true]
RuntimeError: list index out of range